This file contains any messages produced by compilers while
running configure, to aid debugging if configure makes a mistake.

It was created by ParIS Parallel index of sequence configure 1.3, which was
generated by GNU Autoconf 2.69.  Invocation command line was

  $ ./configure --no-create --no-recursion

## --------- ##
## Platform. ##
## --------- ##

hostname = rr075
uname -m = x86_64
uname -r = 5.14.0-639.el9.x86_64
uname -s = Linux
uname -v = #1 SMP PREEMPT_DYNAMIC Sat Nov 15 10:30:41 UTC 2025

/usr/bin/uname -p = x86_64
/bin/uname -X     = unknown

/bin/arch              = x86_64
/usr/bin/arch -k       = unknown
/usr/convex/getsysinfo = unknown
/usr/bin/hostinfo      = unknown
/bin/machine           = unknown
/usr/bin/oslevel       = unknown
/bin/universe          = unknown

PATH: /home/roadrunner/.cargo/bin
PATH: /home/roadrunner/miniconda3/envs/py3k/bin
PATH: /home/roadrunner/miniconda3/condabin
PATH: /home/roadrunner/.local/bin
PATH: /home/roadrunner/bin
PATH: /usr/local/bin
PATH: /usr/local/sbin
PATH: /usr/bin
PATH: /usr/sbin


## ----------- ##
## Core tests. ##
## ----------- ##

configure:2205: checking for gcc
configure:2221: found /usr/bin/gcc
configure:2232: result: gcc
configure:2461: checking for C compiler version
configure:2470: gcc --version >&5
gcc (GCC) 11.5.0 20240719 (Red Hat 11.5.0-14)
Copyright (C) 2021 Free Software Foundation, Inc.
This is free software; see the source for copying conditions.  There is NO
warranty; not even for MERCHANTABILITY or FITNESS FOR A PARTICULAR PURPOSE.

configure:2481: $? = 0
configure:2470: gcc -v >&5
Using built-in specs.
COLLECT_GCC=gcc
COLLECT_LTO_WRAPPER=/usr/libexec/gcc/x86_64-redhat-linux/11/lto-wrapper
OFFLOAD_TARGET_NAMES=nvptx-none
OFFLOAD_TARGET_DEFAULT=1
Target: x86_64-redhat-linux
Configured with: ../configure --enable-bootstrap --enable-host-pie --enable-host-bind-now --enable-languages=c,c++,fortran,lto --prefix=/usr --mandir=/usr/share/man --infodir=/usr/share/info --with-bugurl=http://bugzilla.redhat.com/bugzilla --enable-shared --enable-threads=posix --enable-checking=release --with-system-zlib --enable-__cxa_atexit --disable-libunwind-exceptions --enable-gnu-unique-object --enable-linker-build-id --with-gcc-major-version-only --enable-plugin --enable-initfini-array --without-isl --enable-multilib --with-linker-hash-style=gnu --enable-offload-targets=nvptx-none --without-cuda-driver --enable-gnu-indirect-function --enable-cet --with-tune=generic --with-arch_64=x86-64-v2 --with-arch_32=x86-64 --build=x86_64-redhat-linux --with-build-config=bootstrap-lto --enable-link-serialization=1
Thread model: posix
Supported LTO compression algorithms: zlib zstd
gcc version 11.5.0 20240719 (Red Hat 11.5.0-14) (GCC) 
... rest of stderr output deleted ...
configure:2481: $? = 0
configure:2470: gcc -V >&5
gcc: error: unrecognized command-line option '-V'
gcc: fatal error: no input files
compilation terminated.
configure:2481: $? = 1
configure:2470: gcc -qversion >&5
gcc: error: unrecognized command-line option '-qversion'; did you mean '--version'?
gcc: fatal error: no input files
compilation terminated.
configure:2481: $? = 1
configure:2501: checking whether the C compiler works
configure:2523: gcc    conftest.c  >&5
configure:2527: $? = 0
configure:2575: result: yes
configure:2578: checking for C compiler default output file name
configure:2580: result: a.out
configure:2586: checking for suffix of executables
configure:2593: gcc -o conftest    conftest.c  >&5
configure:2597: $? = 0
configure:2619: result: 
configure:2641: checking whether we are cross compiling
configure:2649: gcc -o conftest    conftest.c  >&5
configure:2653: $? = 0
configure:2660: ./conftest
configure:2664: $? = 0
configure:2679: result: no
configure:2684: checking for suffix of object files
configure:2706: gcc -c   conftest.c >&5
configure:2710: $? = 0
configure:2731: result: o
configure:2735: checking whether we are using the GNU C compiler
configure:2754: gcc -c   conftest.c >&5
configure:2754: $? = 0
configure:2763: result: yes
configure:2772: checking whether gcc accepts -g
configure:2792: gcc -c -g  conftest.c >&5
configure:2792: $? = 0
configure:2833: result: yes
configure:2850: checking for gcc option to accept ISO C89
configure:2913: gcc  -c -g -O2  conftest.c >&5
configure:2913: $? = 0
configure:2926: result: none needed
configure:2951: checking whether gcc understands -c and -o together
configure:2973: gcc -c conftest.c -o conftest2.o
configure:2976: $? = 0
configure:2973: gcc -c conftest.c -o conftest2.o
configure:2976: $? = 0
configure:2988: result: yes
configure:3055: checking for ar
configure:3071: found /usr/bin/ar
configure:3082: result: ar
configure:3108: checking the archiver (ar) interface
configure:3124: gcc -c -g -O2  conftest.c >&5
configure:3124: $? = 0
configure:3126: ar cru libconftest.a conftest.o >&5
configure:3129: $? = 0
configure:3157: result: ar
configure:3193: checking for a BSD-compatible install
configure:3261: result: /usr/bin/install -c
configure:3272: checking whether build environment is sane
configure:3327: result: yes
configure:3475: checking for a thread-safe mkdir -p
configure:3514: result: /usr/bin/mkdir -p
configure:3521: checking for gawk
configure:3537: found /usr/bin/gawk
configure:3548: result: gawk
configure:3559: checking whether make sets $(MAKE)
configure:3581: result: yes
configure:3603: checking whether make supports the include directive
configure:3618: make -f confmf.GNU && cat confinc.out
make[1]: Entering directory '/home/roadrunner/eclipse-workspace/messi_cpu'
make[1]: Leaving directory '/home/roadrunner/eclipse-workspace/messi_cpu'
this is the am__doit target
configure:3621: $? = 0
configure:3640: result: yes (GNU style)
configure:3673: checking whether make supports nested variables
configure:3690: result: yes
configure:3766: checking dependency style of gcc
configure:3877: result: gcc3
configure:4039: checking the archiver (ar) interface
configure:4088: result: ar
configure:4151: checking for ranlib
configure:4167: found /usr/bin/ranlib
configure:4178: result: ranlib
configure:4258: checking for g++
configure:4274: found /usr/bin/g++
configure:4285: result: g++
configure:4312: checking for C++ compiler version
configure:4321: g++ --version >&5
g++ (GCC) 11.5.0 20240719 (Red Hat 11.5.0-14)
Copyright (C) 2021 Free Software Foundation, Inc.
This is free software; see the source for copying conditions.  There is NO
warranty; not even for MERCHANTABILITY or FITNESS FOR A PARTICULAR PURPOSE.

configure:4332: $? = 0
configure:4321: g++ -v >&5
Using built-in specs.
COLLECT_GCC=g++
COLLECT_LTO_WRAPPER=/usr/libexec/gcc/x86_64-redhat-linux/11/lto-wrapper
OFFLOAD_TARGET_NAMES=nvptx-none
OFFLOAD_TARGET_DEFAULT=1
Target: x86_64-redhat-linux
Configured with: ../configure --enable-bootstrap --enable-host-pie --enable-host-bind-now --enable-languages=c,c++,fortran,lto --prefix=/usr --mandir=/usr/share/man --infodir=/usr/share/info --with-bugurl=http://bugzilla.redhat.com/bugzilla --enable-shared --enable-threads=posix --enable-checking=release --with-system-zlib --enable-__cxa_atexit --disable-libunwind-exceptions --enable-gnu-unique-object --enable-linker-build-id --with-gcc-major-version-only --enable-plugin --enable-initfini-array --without-isl --enable-multilib --with-linker-hash-style=gnu --enable-offload-targets=nvptx-none --without-cuda-driver --enable-gnu-indirect-function --enable-cet --with-tune=generic --with-arch_64=x86-64-v2 --with-arch_32=x86-64 --build=x86_64-redhat-linux --with-build-config=bootstrap-lto --enable-link-serialization=1
Thread model: posix
Supported LTO compression algorithms: zlib zstd
gcc version 11.5.0 20240719 (Red Hat 11.5.0-14) (GCC) 
... rest of stderr output deleted ...
configure:4332: $? = 0
configure:4321: g++ -V >&5
g++: error: unrecognized command-line option '-V'
g++: fatal error: no input files
compilation terminated.
configure:4332: $? = 1
configure:4321: g++ -qversion >&5
g++: error: unrecognized command-line option '-qversion'; did you mean '--version'?
g++: fatal error: no input files
compilation terminated.
configure:4332: $? = 1
configure:4336: checking whether we are using the GNU C++ compiler
configure:4355: g++ -c   conftest.cpp >&5
configure:4355: $? = 0
configure:4364: result: yes
configure:4373: checking whether g++ accepts -g
configure:4393: g++ -c -g  conftest.cpp >&5
configure:4393: $? = 0
configure:4434: result: yes
configure:4459: checking dependency style of g++
configure:4570: result: gcc3
configure:4633: checking for gcc
configure:4660: result: gcc
configure:4889: checking for C compiler version
configure:4898: gcc --version >&5
gcc (GCC) 11.5.0 20240719 (Red Hat 11.5.0-14)
Copyright (C) 2021 Free Software Foundation, Inc.
This is free software; see the source for copying conditions.  There is NO
warranty; not even for MERCHANTABILITY or FITNESS FOR A PARTICULAR PURPOSE.

configure:4909: $? = 0
configure:4898: gcc -v >&5
Using built-in specs.
COLLECT_GCC=gcc
COLLECT_LTO_WRAPPER=/usr/libexec/gcc/x86_64-redhat-linux/11/lto-wrapper
OFFLOAD_TARGET_NAMES=nvptx-none
OFFLOAD_TARGET_DEFAULT=1
Target: x86_64-redhat-linux
Configured with: ../configure --enable-bootstrap --enable-host-pie --enable-host-bind-now --enable-languages=c,c++,fortran,lto --prefix=/usr --mandir=/usr/share/man --infodir=/usr/share/info --with-bugurl=http://bugzilla.redhat.com/bugzilla --enable-shared --enable-threads=posix --enable-checking=release --with-system-zlib --enable-__cxa_atexit --disable-libunwind-exceptions --enable-gnu-unique-object --enable-linker-build-id --with-gcc-major-version-only --enable-plugin --enable-initfini-array --without-isl --enable-multilib --with-linker-hash-style=gnu --enable-offload-targets=nvptx-none --without-cuda-driver --enable-gnu-indirect-function --enable-cet --with-tune=generic --with-arch_64=x86-64-v2 --with-arch_32=x86-64 --build=x86_64-redhat-linux --with-build-config=bootstrap-lto --enable-link-serialization=1
Thread model: posix
Supported LTO compression algorithms: zlib zstd
gcc version 11.5.0 20240719 (Red Hat 11.5.0-14) (GCC) 
... rest of stderr output deleted ...
configure:4909: $? = 0
configure:4898: gcc -V >&5
gcc: error: unrecognized command-line option '-V'
gcc: fatal error: no input files
compilation terminated.
configure:4909: $? = 1
configure:4898: gcc -qversion >&5
gcc: error: unrecognized command-line option '-qversion'; did you mean '--version'?
gcc: fatal error: no input files
compilation terminated.
configure:4909: $? = 1
configure:4913: checking whether we are using the GNU C compiler
configure:4941: result: yes
configure:4950: checking whether gcc accepts -g
configure:5011: result: yes
configure:5028: checking for gcc option to accept ISO C89
configure:5104: result: none needed
configure:5129: checking whether gcc understands -c and -o together
configure:5166: result: yes
configure:5190: checking how to run the C preprocessor
configure:5221: gcc -E  conftest.c
configure:5221: $? = 0
configure:5235: gcc -E  conftest.c
conftest.c:9:10: fatal error: ac_nonexistent.h: No such file or directory
    9 | #include <ac_nonexistent.h>
      |          ^~~~~~~~~~~~~~~~~~
compilation terminated.
configure:5235: $? = 1
configure: failed program was:
| /* confdefs.h */
| #define PACKAGE_NAME "ParIS Parallel index of sequence"
| #define PACKAGE_TARNAME "libads"
| #define PACKAGE_VERSION "1.3"
| #define PACKAGE_STRING "ParIS Parallel index of sequence 1.3"
| #define PACKAGE_BUGREPORT "botao.peng@parisdescartes.fr"
| #define PACKAGE_URL ""
| /* end confdefs.h.  */
| #include <ac_nonexistent.h>
configure:5260: result: gcc -E
configure:5280: gcc -E  conftest.c
configure:5280: $? = 0
configure:5294: gcc -E  conftest.c
conftest.c:9:10: fatal error: ac_nonexistent.h: No such file or directory
    9 | #include <ac_nonexistent.h>
      |          ^~~~~~~~~~~~~~~~~~
compilation terminated.
configure:5294: $? = 1
configure: failed program was:
| /* confdefs.h */
| #define PACKAGE_NAME "ParIS Parallel index of sequence"
| #define PACKAGE_TARNAME "libads"
| #define PACKAGE_VERSION "1.3"
| #define PACKAGE_STRING "ParIS Parallel index of sequence 1.3"
| #define PACKAGE_BUGREPORT "botao.peng@parisdescartes.fr"
| #define PACKAGE_URL ""
| /* end confdefs.h.  */
| #include <ac_nonexistent.h>
configure:5323: checking for grep that handles long lines and -e
configure:5381: result: /usr/bin/grep
configure:5386: checking for egrep
configure:5448: result: /usr/bin/grep -E
configure:5453: checking for ANSI C header files
configure:5473: gcc -c -g -O2  conftest.c >&5
configure:5473: $? = 0
configure:5546: gcc -o conftest -g -O2   conftest.c  >&5
configure:5546: $? = 0
configure:5546: ./conftest
configure:5546: $? = 0
configure:5557: result: yes
configure:5570: checking for sys/types.h
configure:5570: gcc -c -g -O2  conftest.c >&5
configure:5570: $? = 0
configure:5570: result: yes
configure:5570: checking for sys/stat.h
configure:5570: gcc -c -g -O2  conftest.c >&5
configure:5570: $? = 0
configure:5570: result: yes
configure:5570: checking for stdlib.h
configure:5570: gcc -c -g -O2  conftest.c >&5
configure:5570: $? = 0
configure:5570: result: yes
configure:5570: checking for string.h
configure:5570: gcc -c -g -O2  conftest.c >&5
configure:5570: $? = 0
configure:5570: result: yes
configure:5570: checking for memory.h
configure:5570: gcc -c -g -O2  conftest.c >&5
configure:5570: $? = 0
configure:5570: result: yes
configure:5570: checking for strings.h
configure:5570: gcc -c -g -O2  conftest.c >&5
configure:5570: $? = 0
configure:5570: result: yes
configure:5570: checking for inttypes.h
configure:5570: gcc -c -g -O2  conftest.c >&5
configure:5570: $? = 0
configure:5570: result: yes
configure:5570: checking for stdint.h
configure:5570: gcc -c -g -O2  conftest.c >&5
configure:5570: $? = 0
configure:5570: result: yes
configure:5570: checking for unistd.h
configure:5570: gcc -c -g -O2  conftest.c >&5
configure:5570: $? = 0
configure:5570: result: yes
configure:5582: checking values.h usability
configure:5582: gcc -c -g -O2  conftest.c >&5
configure:5582: $? = 0
configure:5582: result: yes
configure:5582: checking values.h presence
configure:5582: gcc -E  conftest.c
configure:5582: $? = 0
configure:5582: result: yes
configure:5582: checking for values.h
configure:5582: result: yes
configure:5588: checking fftw3.h usability
configure:5588: gcc -c -g -O2  conftest.c >&5
configure:5588: $? = 0
configure:5588: result: yes
configure:5588: checking fftw3.h presence
configure:5588: gcc -E  conftest.c
configure:5588: $? = 0
configure:5588: result: yes
configure:5588: checking for fftw3.h
configure:5588: result: yes
configure:5598: checking build system type
configure:5612: result: x86_64-pc-linux-gnu
configure:5632: checking host system type
configure:5645: result: x86_64-pc-linux-gnu
configure:5668: checking numa.h usability
configure:5668: gcc -c -g -O2  conftest.c >&5
configure:5668: $? = 0
configure:5668: result: yes
configure:5668: checking numa.h presence
configure:5668: gcc -E  conftest.c
configure:5668: $? = 0
configure:5668: result: yes
configure:5668: checking for numa.h
configure:5668: result: yes
configure:5886: checking that generated files are newer than configure
configure:5892: result: done
configure:5919: creating ./config.status

## ---------------- ##
## Cache variables. ##
## ---------------- ##

ac_cv_build=x86_64-pc-linux-gnu
ac_cv_c_compiler_gnu=yes
ac_cv_cxx_compiler_gnu=yes
ac_cv_env_CCC_set=
ac_cv_env_CCC_value=
ac_cv_env_CC_set=
ac_cv_env_CC_value=
ac_cv_env_CFLAGS_set=
ac_cv_env_CFLAGS_value=
ac_cv_env_CPPFLAGS_set=
ac_cv_env_CPPFLAGS_value=
ac_cv_env_CPP_set=
ac_cv_env_CPP_value=
ac_cv_env_CXXFLAGS_set=
ac_cv_env_CXXFLAGS_value=
ac_cv_env_CXX_set=
ac_cv_env_CXX_value=
ac_cv_env_LDFLAGS_set=
ac_cv_env_LDFLAGS_value=
ac_cv_env_LIBS_set=
ac_cv_env_LIBS_value=
ac_cv_env_build_alias_set=
ac_cv_env_build_alias_value=
ac_cv_env_host_alias_set=
ac_cv_env_host_alias_value=
ac_cv_env_target_alias_set=
ac_cv_env_target_alias_value=
ac_cv_header_fftw3_h=yes
ac_cv_header_inttypes_h=yes
ac_cv_header_memory_h=yes
ac_cv_header_numa_h=yes
ac_cv_header_stdc=yes
ac_cv_header_stdint_h=yes
ac_cv_header_stdlib_h=yes
ac_cv_header_string_h=yes
ac_cv_header_strings_h=yes
ac_cv_header_sys_stat_h=yes
ac_cv_header_sys_types_h=yes
ac_cv_header_unistd_h=yes
ac_cv_header_values_h=yes
ac_cv_host=x86_64-pc-linux-gnu
ac_cv_objext=o
ac_cv_path_EGREP='/usr/bin/grep -E'
ac_cv_path_GREP=/usr/bin/grep
ac_cv_path_install='/usr/bin/install -c'
ac_cv_path_mkdir=/usr/bin/mkdir
ac_cv_prog_AWK=gawk
ac_cv_prog_CPP='gcc -E'
ac_cv_prog_ac_ct_AR=ar
ac_cv_prog_ac_ct_CC=gcc
ac_cv_prog_ac_ct_CXX=g++
ac_cv_prog_ac_ct_RANLIB=ranlib
ac_cv_prog_cc_c89=
ac_cv_prog_cc_g=yes
ac_cv_prog_cxx_g=yes
ac_cv_prog_make_make_set=yes
am_cv_CC_dependencies_compiler_type=gcc3
am_cv_CXX_dependencies_compiler_type=gcc3
am_cv_ar_interface=ar
am_cv_make_support_nested_variables=yes
am_cv_prog_cc_c_o=yes

## ----------------- ##
## Output variables. ##
## ----------------- ##

ACLOCAL='${SHELL} /home/roadrunner/eclipse-workspace/messi_cpu/missing aclocal-1.16'
AMDEPBACKSLASH='\'
AMDEP_FALSE='#'
AMDEP_TRUE=''
AMTAR='$${TAR-tar}'
AM_BACKSLASH='\'
AM_DEFAULT_V='$(AM_DEFAULT_VERBOSITY)'
AM_DEFAULT_VERBOSITY='1'
AM_V='$(V)'
APPLE_FFTW=''
APPLE_NOWARN_CONV=''
APPLE_OMP=''
AR='ar'
AUTOCONF='${SHELL} /home/roadrunner/eclipse-workspace/messi_cpu/missing autoconf'
AUTOHEADER='${SHELL} /home/roadrunner/eclipse-workspace/messi_cpu/missing autoheader'
AUTOMAKE='${SHELL} /home/roadrunner/eclipse-workspace/messi_cpu/missing automake-1.16'
AWK='gawk'
BREW_ROOT=''
BUILD_ARCH='haswell'
CC='gcc'
CCDEPMODE='depmode=gcc3'
CFLAGS='-g -O2'
CPP='gcc -E'
CPPFLAGS=''
CXX='g++'
CXXDEPMODE='depmode=gcc3'
CXXFLAGS='-g -O2'
CYGPATH_W='echo'
DEFS='-DHAVE_CONFIG_H'
DEPDIR='.deps'
ECHO_C=''
ECHO_N='-n'
ECHO_T=''
EGREP='/usr/bin/grep -E'
EXEEXT=''
GREP='/usr/bin/grep'
INSTALL_DATA='${INSTALL} -m 644'
INSTALL_PROGRAM='${INSTALL}'
INSTALL_SCRIPT='${INSTALL}'
INSTALL_STRIP_PROGRAM='$(install_sh) -c -s'
LDFLAGS=''
LIB64='64'
LIBOBJS=''
LIBS=''
LTLIBOBJS=''
MAKEINFO='${SHELL} /home/roadrunner/eclipse-workspace/messi_cpu/missing makeinfo'
MKDIR_P='/usr/bin/mkdir -p'
NUMA='-lnuma'
OBJEXT='o'
PACKAGE='libads'
PACKAGE_BUGREPORT='botao.peng@parisdescartes.fr'
PACKAGE_NAME='ParIS Parallel index of sequence'
PACKAGE_STRING='ParIS Parallel index of sequence 1.3'
PACKAGE_TARNAME='libads'
PACKAGE_URL=''
PACKAGE_VERSION='1.3'
PATH_SEPARATOR=':'
RANLIB='ranlib'
SET_MAKE=''
SHELL='/bin/sh'
STRIP=''
VERSION='1.3'
ac_ct_AR='ar'
ac_ct_CC='gcc'
ac_ct_CXX='g++'
am__EXEEXT_FALSE=''
am__EXEEXT_TRUE='#'
am__fastdepCC_FALSE='#'
am__fastdepCC_TRUE=''
am__fastdepCXX_FALSE='#'
am__fastdepCXX_TRUE=''
am__include='include'
am__isrc=''
am__leading_dot='.'
am__nodep='_no'
am__quote=''
am__tar='$${TAR-tar} chof - "$$tardir"'
am__untar='$${TAR-tar} xf -'
bindir='${exec_prefix}/bin'
build='x86_64-pc-linux-gnu'
build_alias=''
build_cpu='x86_64'
build_os='linux-gnu'
build_vendor='pc'
datadir='${datarootdir}'
datarootdir='${prefix}/share'
docdir='${datarootdir}/doc/${PACKAGE_TARNAME}'
dvidir='${docdir}'
exec_prefix='${prefix}'
host='x86_64-pc-linux-gnu'
host_alias=''
host_cpu='x86_64'
host_os='linux-gnu'
host_vendor='pc'
htmldir='${docdir}'
includedir='${prefix}/include'
infodir='${datarootdir}/info'
install_sh='${SHELL} /home/roadrunner/eclipse-workspace/messi_cpu/install-sh'
libdir='${exec_prefix}/lib'
libexecdir='${exec_prefix}/libexec'
localedir='${datarootdir}/locale'
localstatedir='${prefix}/var'
mandir='${datarootdir}/man'
mkdir_p='$(MKDIR_P)'
oldincludedir='/usr/include'
pdfdir='${docdir}'
prefix='/usr/local'
program_transform_name='s,x,x,'
psdir='${docdir}'
runstatedir='${localstatedir}/run'
sbindir='${exec_prefix}/sbin'
sharedstatedir='${prefix}/com'
sysconfdir='${prefix}/etc'
target_alias=''

## ----------- ##
## confdefs.h. ##
## ----------- ##

/* confdefs.h */
#define PACKAGE_NAME "ParIS Parallel index of sequence"
#define PACKAGE_TARNAME "libads"
#define PACKAGE_VERSION "1.3"
#define PACKAGE_STRING "ParIS Parallel index of sequence 1.3"
#define PACKAGE_BUGREPORT "botao.peng@parisdescartes.fr"
#define PACKAGE_URL ""
#define STDC_HEADERS 1
#define HAVE_SYS_TYPES_H 1
#define HAVE_SYS_STAT_H 1
#define HAVE_STDLIB_H 1
#define HAVE_STRING_H 1
#define HAVE_MEMORY_H 1
#define HAVE_STRINGS_H 1
#define HAVE_INTTYPES_H 1
#define HAVE_STDINT_H 1
#define HAVE_UNISTD_H 1
#define VALUES /**/
#define BENCHMARK /**/
#define VERBOSE 0

configure: exit 0

## ---------------------- ##
## Running config.status. ##
## ---------------------- ##

This file was extended by ParIS Parallel index of sequence config.status 1.3, which was
generated by GNU Autoconf 2.69.  Invocation command line was

  CONFIG_FILES    = 
  CONFIG_HEADERS  = 
  CONFIG_LINKS    = 
  CONFIG_COMMANDS = 
  $ ./config.status 

on rr075

config.status:878: creating Makefile
config.status:878: creating config.h
config.status:1059: config.h is unchanged
config.status:1107: executing depfiles commands
config.status:1184: cd .       && sed -e '/# am--include-marker/d' Makefile         | make -f - am--depfiles
make[1]: Entering directory '/home/roadrunner/eclipse-workspace/messi_cpu'
make[1]: Nothing to be done for 'am--depfiles'.
make[1]: Leaving directory '/home/roadrunner/eclipse-workspace/messi_cpu'
config.status:1189: $? = 0

## ---------------------- ##
## Running config.status. ##
## ---------------------- ##

This file was extended by ParIS Parallel index of sequence config.status 1.3, which was
generated by GNU Autoconf 2.69.  Invocation command line was

  CONFIG_FILES    = 
  CONFIG_HEADERS  = 
  CONFIG_LINKS    = 
  CONFIG_COMMANDS = 
  $ ./config.status config.h

on rr075

config.status:878: creating config.h
config.status:1059: config.h is unchanged

## ---------------------- ##
## Running config.status. ##
## ---------------------- ##

This file was extended by ParIS Parallel index of sequence config.status 1.3, which was
generated by GNU Autoconf 2.69.  Invocation command line was

  CONFIG_FILES    = 
  CONFIG_HEADERS  = 
  CONFIG_LINKS    = 
  CONFIG_COMMANDS = 
  $ ./config.status Makefile depfiles

on rr075

config.status:878: creating Makefile
config.status:1107: executing depfiles commands
config.status:1184: cd .       && sed -e '/# am--include-marker/d' Makefile         | make -f - am--depfiles
make[1]: Entering directory '/home/roadrunner/eclipse-workspace/messi_cpu'
make[1]: Nothing to be done for 'am--depfiles'.
make[1]: Leaving directory '/home/roadrunner/eclipse-workspace/messi_cpu'
config.status:1189: $? = 0

## ---------------------- ##
## Running config.status. ##
## ---------------------- ##

This file was extended by ParIS Parallel index of sequence config.status 1.3, which was
generated by GNU Autoconf 2.69.  Invocation command line was

  CONFIG_FILES    = 
  CONFIG_HEADERS  = 
  CONFIG_LINKS    = 
  CONFIG_COMMANDS = 
  $ ./config.status Makefile depfiles

on rr075

config.status:878: creating Makefile
config.status:1107: executing depfiles commands
config.status:1184: cd .       && sed -e '/# am--include-marker/d' Makefile         | make -f - am--depfiles
make[1]: Entering directory '/home/roadrunner/eclipse-workspace/messi_cpu'
make[1]: Nothing to be done for 'am--depfiles'.
make[1]: Leaving directory '/home/roadrunner/eclipse-workspace/messi_cpu'
config.status:1189: $? = 0

## ---------------------- ##
## Running config.status. ##
## ---------------------- ##

This file was extended by ParIS Parallel index of sequence config.status 1.3, which was
generated by GNU Autoconf 2.69.  Invocation command line was

  CONFIG_FILES    = 
  CONFIG_HEADERS  = 
  CONFIG_LINKS    = 
  CONFIG_COMMANDS = 
  $ ./config.status Makefile depfiles

on rr075

config.status:878: creating Makefile
config.status:1107: executing depfiles commands
config.status:1184: cd .       && sed -e '/# am--include-marker/d' Makefile         | make -f - am--depfiles
make[1]: Entering directory '/home/roadrunner/eclipse-workspace/messi_cpu'
make[1]: Nothing to be done for 'am--depfiles'.
make[1]: Leaving directory '/home/roadrunner/eclipse-workspace/messi_cpu'
config.status:1189: $? = 0

## ---------------------- ##
## Running config.status. ##
## ---------------------- ##

This file was extended by ParIS Parallel index of sequence config.status 1.3, which was
generated by GNU Autoconf 2.69.  Invocation command line was

  CONFIG_FILES    = 
  CONFIG_HEADERS  = 
  CONFIG_LINKS    = 
  CONFIG_COMMANDS = 
  $ ./config.status Makefile depfiles

on rr075

config.status:878: creating Makefile
config.status:1107: executing depfiles commands
config.status:1184: cd .       && sed -e '/# am--include-marker/d' Makefile         | make -f - am--depfiles
make[1]: Entering directory '/home/roadrunner/eclipse-workspace/messi_cpu'
make[1]: Nothing to be done for 'am--depfiles'.
make[1]: Leaving directory '/home/roadrunner/eclipse-workspace/messi_cpu'
config.status:1189: $? = 0

## ---------------------- ##
## Running config.status. ##
## ---------------------- ##

This file was extended by ParIS Parallel index of sequence config.status 1.3, which was
generated by GNU Autoconf 2.69.  Invocation command line was

  CONFIG_FILES    = 
  CONFIG_HEADERS  = 
  CONFIG_LINKS    = 
  CONFIG_COMMANDS = 
  $ ./config.status Makefile depfiles

on rr075

config.status:878: creating Makefile
config.status:1107: executing depfiles commands
config.status:1184: cd .       && sed -e '/# am--include-marker/d' Makefile         | make -f - am--depfiles
make[1]: Entering directory '/home/roadrunner/eclipse-workspace/messi_cpu'
make[1]: Nothing to be done for 'am--depfiles'.
make[1]: Leaving directory '/home/roadrunner/eclipse-workspace/messi_cpu'
config.status:1189: $? = 0

## ---------------------- ##
## Running config.status. ##
## ---------------------- ##

This file was extended by ParIS Parallel index of sequence config.status 1.3, which was
generated by GNU Autoconf 2.69.  Invocation command line was

  CONFIG_FILES    = 
  CONFIG_HEADERS  = 
  CONFIG_LINKS    = 
  CONFIG_COMMANDS = 
  $ ./config.status Makefile depfiles

on rr075

config.status:878: creating Makefile
config.status:1107: executing depfiles commands
config.status:1184: cd .       && sed -e '/# am--include-marker/d' Makefile         | make -f - am--depfiles
make[1]: Entering directory '/home/roadrunner/eclipse-workspace/messi_cpu'
make[1]: Nothing to be done for 'am--depfiles'.
make[1]: Leaving directory '/home/roadrunner/eclipse-workspace/messi_cpu'
config.status:1189: $? = 0

## ---------------------- ##
## Running config.status. ##
## ---------------------- ##

This file was extended by ParIS Parallel index of sequence config.status 1.3, which was
generated by GNU Autoconf 2.69.  Invocation command line was

  CONFIG_FILES    = 
  CONFIG_HEADERS  = 
  CONFIG_LINKS    = 
  CONFIG_COMMANDS = 
  $ ./config.status Makefile depfiles

on rr075

config.status:878: creating Makefile
config.status:1107: executing depfiles commands
config.status:1184: cd .       && sed -e '/# am--include-marker/d' Makefile         | make -f - am--depfiles
make[1]: Entering directory '/home/roadrunner/eclipse-workspace/messi_cpu'
make[1]: Nothing to be done for 'am--depfiles'.
make[1]: Leaving directory '/home/roadrunner/eclipse-workspace/messi_cpu'
config.status:1189: $? = 0

## ---------------------- ##
## Running config.status. ##
## ---------------------- ##

This file was extended by ParIS Parallel index of sequence config.status 1.3, which was
generated by GNU Autoconf 2.69.  Invocation command line was

  CONFIG_FILES    = 
  CONFIG_HEADERS  = 
  CONFIG_LINKS    = 
  CONFIG_COMMANDS = 
  $ ./config.status Makefile depfiles

on rr075

config.status:878: creating Makefile
config.status:1107: executing depfiles commands
config.status:1184: cd .       && sed -e '/# am--include-marker/d' Makefile         | make -f - am--depfiles
make[1]: Entering directory '/home/roadrunner/eclipse-workspace/messi_cpu'
make[1]: Nothing to be done for 'am--depfiles'.
make[1]: Leaving directory '/home/roadrunner/eclipse-workspace/messi_cpu'
config.status:1189: $? = 0

## ---------------------- ##
## Running config.status. ##
## ---------------------- ##

This file was extended by ParIS Parallel index of sequence config.status 1.3, which was
generated by GNU Autoconf 2.69.  Invocation command line was

  CONFIG_FILES    = 
  CONFIG_HEADERS  = 
  CONFIG_LINKS    = 
  CONFIG_COMMANDS = 
  $ ./config.status Makefile depfiles

on rr075

config.status:878: creating Makefile
config.status:1107: executing depfiles commands
config.status:1184: cd .       && sed -e '/# am--include-marker/d' Makefile         | make -f - am--depfiles
make[1]: Entering directory '/home/roadrunner/eclipse-workspace/messi_cpu'
make[1]: Nothing to be done for 'am--depfiles'.
make[1]: Leaving directory '/home/roadrunner/eclipse-workspace/messi_cpu'
config.status:1189: $? = 0

## ---------------------- ##
## Running config.status. ##
## ---------------------- ##

This file was extended by ParIS Parallel index of sequence config.status 1.3, which was
generated by GNU Autoconf 2.69.  Invocation command line was

  CONFIG_FILES    = 
  CONFIG_HEADERS  = 
  CONFIG_LINKS    = 
  CONFIG_COMMANDS = 
  $ ./config.status Makefile depfiles

on rr075

config.status:878: creating Makefile
config.status:1107: executing depfiles commands
config.status:1184: cd .       && sed -e '/# am--include-marker/d' Makefile         | make -f - am--depfiles
make[1]: Entering directory '/home/roadrunner/eclipse-workspace/messi_cpu'
make[1]: Nothing to be done for 'am--depfiles'.
make[1]: Leaving directory '/home/roadrunner/eclipse-workspace/messi_cpu'
config.status:1189: $? = 0

## ---------------------- ##
## Running config.status. ##
## ---------------------- ##

This file was extended by ParIS Parallel index of sequence config.status 1.3, which was
generated by GNU Autoconf 2.69.  Invocation command line was

  CONFIG_FILES    = 
  CONFIG_HEADERS  = 
  CONFIG_LINKS    = 
  CONFIG_COMMANDS = 
  $ ./config.status Makefile depfiles

on rr075

config.status:878: creating Makefile
config.status:1107: executing depfiles commands
config.status:1184: cd .       && sed -e '/# am--include-marker/d' Makefile         | make -f - am--depfiles
make[1]: Entering directory '/home/roadrunner/eclipse-workspace/messi_cpu'
make[1]: Nothing to be done for 'am--depfiles'.
make[1]: Leaving directory '/home/roadrunner/eclipse-workspace/messi_cpu'
config.status:1189: $? = 0

## ---------------------- ##
## Running config.status. ##
## ---------------------- ##

This file was extended by ParIS Parallel index of sequence config.status 1.3, which was
generated by GNU Autoconf 2.69.  Invocation command line was

  CONFIG_FILES    = 
  CONFIG_HEADERS  = 
  CONFIG_LINKS    = 
  CONFIG_COMMANDS = 
  $ ./config.status Makefile depfiles

on rr075

config.status:878: creating Makefile
config.status:1107: executing depfiles commands
config.status:1184: cd .       && sed -e '/# am--include-marker/d' Makefile         | make -f - am--depfiles
make[1]: Entering directory '/home/roadrunner/eclipse-workspace/messi_cpu'
make[1]: Nothing to be done for 'am--depfiles'.
make[1]: Leaving directory '/home/roadrunner/eclipse-workspace/messi_cpu'
config.status:1189: $? = 0

## ---------------------- ##
## Running config.status. ##
## ---------------------- ##

This file was extended by ParIS Parallel index of sequence config.status 1.3, which was
generated by GNU Autoconf 2.69.  Invocation command line was

  CONFIG_FILES    = 
  CONFIG_HEADERS  = 
  CONFIG_LINKS    = 
  CONFIG_COMMANDS = 
  $ ./config.status Makefile depfiles

on rr075

config.status:878: creating Makefile
config.status:1107: executing depfiles commands
config.status:1184: cd .       && sed -e '/# am--include-marker/d' Makefile         | make -f - am--depfiles
make[1]: Entering directory '/home/roadrunner/eclipse-workspace/messi_cpu'
make[1]: Nothing to be done for 'am--depfiles'.
make[1]: Leaving directory '/home/roadrunner/eclipse-workspace/messi_cpu'
config.status:1189: $? = 0

## ---------------------- ##
## Running config.status. ##
## ---------------------- ##

This file was extended by ParIS Parallel index of sequence config.status 1.3, which was
generated by GNU Autoconf 2.69.  Invocation command line was

  CONFIG_FILES    = 
  CONFIG_HEADERS  = 
  CONFIG_LINKS    = 
  CONFIG_COMMANDS = 
  $ ./config.status Makefile depfiles

on rr075

config.status:878: creating Makefile
config.status:1107: executing depfiles commands
config.status:1184: cd .       && sed -e '/# am--include-marker/d' Makefile         | make -f - am--depfiles
make[1]: Entering directory '/home/roadrunner/eclipse-workspace/messi_cpu'
make[1]: Nothing to be done for 'am--depfiles'.
make[1]: Leaving directory '/home/roadrunner/eclipse-workspace/messi_cpu'
config.status:1189: $? = 0

## ---------------------- ##
## Running config.status. ##
## ---------------------- ##

This file was extended by ParIS Parallel index of sequence config.status 1.3, which was
generated by GNU Autoconf 2.69.  Invocation command line was

  CONFIG_FILES    = 
  CONFIG_HEADERS  = 
  CONFIG_LINKS    = 
  CONFIG_COMMANDS = 
  $ ./config.status Makefile depfiles

on rr075

config.status:878: creating Makefile
config.status:1107: executing depfiles commands
config.status:1184: cd .       && sed -e '/# am--include-marker/d' Makefile         | make -f - am--depfiles
make[1]: Entering directory '/home/roadrunner/eclipse-workspace/messi_cpu'
make[1]: Nothing to be done for 'am--depfiles'.
make[1]: Leaving directory '/home/roadrunner/eclipse-workspace/messi_cpu'
config.status:1189: $? = 0

## ---------------------- ##
## Running config.status. ##
## ---------------------- ##

This file was extended by ParIS Parallel index of sequence config.status 1.3, which was
generated by GNU Autoconf 2.69.  Invocation command line was

  CONFIG_FILES    = 
  CONFIG_HEADERS  = 
  CONFIG_LINKS    = 
  CONFIG_COMMANDS = 
  $ ./config.status Makefile depfiles

on rr075

config.status:878: creating Makefile
config.status:1107: executing depfiles commands
config.status:1184: cd .       && sed -e '/# am--include-marker/d' Makefile         | make -f - am--depfiles
make[1]: Entering directory '/home/roadrunner/eclipse-workspace/messi_cpu'
make[1]: Nothing to be done for 'am--depfiles'.
make[1]: Leaving directory '/home/roadrunner/eclipse-workspace/messi_cpu'
config.status:1189: $? = 0

## ---------------------- ##
## Running config.status. ##
## ---------------------- ##

This file was extended by ParIS Parallel index of sequence config.status 1.3, which was
generated by GNU Autoconf 2.69.  Invocation command line was

  CONFIG_FILES    = 
  CONFIG_HEADERS  = 
  CONFIG_LINKS    = 
  CONFIG_COMMANDS = 
  $ ./config.status Makefile depfiles

on rr075

config.status:878: creating Makefile
config.status:1107: executing depfiles commands
config.status:1184: cd .       && sed -e '/# am--include-marker/d' Makefile         | make -f - am--depfiles
make[1]: Entering directory '/home/roadrunner/eclipse-workspace/messi_cpu'
make[1]: Nothing to be done for 'am--depfiles'.
make[1]: Leaving directory '/home/roadrunner/eclipse-workspace/messi_cpu'
config.status:1189: $? = 0

## ---------------------- ##
## Running config.status. ##
## ---------------------- ##

This file was extended by ParIS Parallel index of sequence config.status 1.3, which was
generated by GNU Autoconf 2.69.  Invocation command line was

  CONFIG_FILES    = 
  CONFIG_HEADERS  = 
  CONFIG_LINKS    = 
  CONFIG_COMMANDS = 
  $ ./config.status Makefile depfiles

on rr075

config.status:878: creating Makefile
config.status:1107: executing depfiles commands
config.status:1184: cd .       && sed -e '/# am--include-marker/d' Makefile         | make -f - am--depfiles
make[1]: Entering directory '/home/roadrunner/eclipse-workspace/messi_cpu'
make[1]: Nothing to be done for 'am--depfiles'.
make[1]: Leaving directory '/home/roadrunner/eclipse-workspace/messi_cpu'
config.status:1189: $? = 0

## ---------------------- ##
## Running config.status. ##
## ---------------------- ##

This file was extended by ParIS Parallel index of sequence config.status 1.3, which was
generated by GNU Autoconf 2.69.  Invocation command line was

  CONFIG_FILES    = 
  CONFIG_HEADERS  = 
  CONFIG_LINKS    = 
  CONFIG_COMMANDS = 
  $ ./config.status Makefile depfiles

on rr075

config.status:878: creating Makefile
config.status:1107: executing depfiles commands
config.status:1184: cd .       && sed -e '/# am--include-marker/d' Makefile         | make -f - am--depfiles
make[1]: Entering directory '/home/roadrunner/eclipse-workspace/messi_cpu'
make[1]: Nothing to be done for 'am--depfiles'.
make[1]: Leaving directory '/home/roadrunner/eclipse-workspace/messi_cpu'
config.status:1189: $? = 0

## ---------------------- ##
## Running config.status. ##
## ---------------------- ##

This file was extended by ParIS Parallel index of sequence config.status 1.3, which was
generated by GNU Autoconf 2.69.  Invocation command line was

  CONFIG_FILES    = 
  CONFIG_HEADERS  = 
  CONFIG_LINKS    = 
  CONFIG_COMMANDS = 
  $ ./config.status Makefile depfiles

on rr075

config.status:878: creating Makefile
config.status:1107: executing depfiles commands
config.status:1184: cd .       && sed -e '/# am--include-marker/d' Makefile         | make -f - am--depfiles
make[1]: Entering directory '/home/roadrunner/eclipse-workspace/messi_cpu'
make[1]: Nothing to be done for 'am--depfiles'.
make[1]: Leaving directory '/home/roadrunner/eclipse-workspace/messi_cpu'
config.status:1189: $? = 0

## ---------------------- ##
## Running config.status. ##
## ---------------------- ##

This file was extended by ParIS Parallel index of sequence config.status 1.3, which was
generated by GNU Autoconf 2.69.  Invocation command line was

  CONFIG_FILES    = 
  CONFIG_HEADERS  = 
  CONFIG_LINKS    = 
  CONFIG_COMMANDS = 
  $ ./config.status Makefile depfiles

on rr075

config.status:878: creating Makefile
config.status:1107: executing depfiles commands
config.status:1184: cd .       && sed -e '/# am--include-marker/d' Makefile         | make -f - am--depfiles
make[1]: Entering directory '/home/roadrunner/eclipse-workspace/messi_cpu'
make[1]: Nothing to be done for 'am--depfiles'.
make[1]: Leaving directory '/home/roadrunner/eclipse-workspace/messi_cpu'
config.status:1189: $? = 0

## ---------------------- ##
## Running config.status. ##
## ---------------------- ##

This file was extended by ParIS Parallel index of sequence config.status 1.3, which was
generated by GNU Autoconf 2.69.  Invocation command line was

  CONFIG_FILES    = 
  CONFIG_HEADERS  = 
  CONFIG_LINKS    = 
  CONFIG_COMMANDS = 
  $ ./config.status Makefile depfiles

on rr075

config.status:878: creating Makefile
config.status:1107: executing depfiles commands
config.status:1184: cd .       && sed -e '/# am--include-marker/d' Makefile         | make -f - am--depfiles
make[1]: Entering directory '/home/roadrunner/eclipse-workspace/messi_cpu'
make[1]: Nothing to be done for 'am--depfiles'.
make[1]: Leaving directory '/home/roadrunner/eclipse-workspace/messi_cpu'
config.status:1189: $? = 0

## ---------------------- ##
## Running config.status. ##
## ---------------------- ##

This file was extended by ParIS Parallel index of sequence config.status 1.3, which was
generated by GNU Autoconf 2.69.  Invocation command line was

  CONFIG_FILES    = 
  CONFIG_HEADERS  = 
  CONFIG_LINKS    = 
  CONFIG_COMMANDS = 
  $ ./config.status Makefile depfiles

on rr075

config.status:878: creating Makefile
config.status:1107: executing depfiles commands
config.status:1184: cd .       && sed -e '/# am--include-marker/d' Makefile         | make -f - am--depfiles
make[1]: Entering directory '/home/roadrunner/eclipse-workspace/messi_cpu'
make[1]: Nothing to be done for 'am--depfiles'.
make[1]: Leaving directory '/home/roadrunner/eclipse-workspace/messi_cpu'
config.status:1189: $? = 0

## ---------------------- ##
## Running config.status. ##
## ---------------------- ##

This file was extended by ParIS Parallel index of sequence config.status 1.3, which was
generated by GNU Autoconf 2.69.  Invocation command line was

  CONFIG_FILES    = 
  CONFIG_HEADERS  = 
  CONFIG_LINKS    = 
  CONFIG_COMMANDS = 
  $ ./config.status Makefile depfiles

on rr075

config.status:878: creating Makefile
config.status:1107: executing depfiles commands
config.status:1184: cd .       && sed -e '/# am--include-marker/d' Makefile         | make -f - am--depfiles
make[1]: Entering directory '/home/roadrunner/eclipse-workspace/messi_cpu'
make[1]: Nothing to be done for 'am--depfiles'.
make[1]: Leaving directory '/home/roadrunner/eclipse-workspace/messi_cpu'
config.status:1189: $? = 0

## ---------------------- ##
## Running config.status. ##
## ---------------------- ##

This file was extended by ParIS Parallel index of sequence config.status 1.3, which was
generated by GNU Autoconf 2.69.  Invocation command line was

  CONFIG_FILES    = 
  CONFIG_HEADERS  = 
  CONFIG_LINKS    = 
  CONFIG_COMMANDS = 
  $ ./config.status Makefile depfiles

on rr075

config.status:878: creating Makefile
config.status:1107: executing depfiles commands
config.status:1184: cd .       && sed -e '/# am--include-marker/d' Makefile         | make -f - am--depfiles
make[1]: Entering directory '/home/roadrunner/eclipse-workspace/messi_cpu'
make[1]: Nothing to be done for 'am--depfiles'.
make[1]: Leaving directory '/home/roadrunner/eclipse-workspace/messi_cpu'
config.status:1189: $? = 0

## ---------------------- ##
## Running config.status. ##
## ---------------------- ##

This file was extended by ParIS Parallel index of sequence config.status 1.3, which was
generated by GNU Autoconf 2.69.  Invocation command line was

  CONFIG_FILES    = 
  CONFIG_HEADERS  = 
  CONFIG_LINKS    = 
  CONFIG_COMMANDS = 
  $ ./config.status Makefile depfiles

on rr075

config.status:878: creating Makefile
config.status:1107: executing depfiles commands
config.status:1184: cd .       && sed -e '/# am--include-marker/d' Makefile         | make -f - am--depfiles
make[1]: Entering directory '/home/roadrunner/eclipse-workspace/messi_cpu'
make[1]: Nothing to be done for 'am--depfiles'.
make[1]: Leaving directory '/home/roadrunner/eclipse-workspace/messi_cpu'
config.status:1189: $? = 0

## ---------------------- ##
## Running config.status. ##
## ---------------------- ##

This file was extended by ParIS Parallel index of sequence config.status 1.3, which was
generated by GNU Autoconf 2.69.  Invocation command line was

  CONFIG_FILES    = 
  CONFIG_HEADERS  = 
  CONFIG_LINKS    = 
  CONFIG_COMMANDS = 
  $ ./config.status Makefile depfiles

on rr075

config.status:878: creating Makefile
config.status:1107: executing depfiles commands
config.status:1184: cd .       && sed -e '/# am--include-marker/d' Makefile         | make -f - am--depfiles
make[1]: Entering directory '/home/roadrunner/eclipse-workspace/messi_cpu'
make[1]: Nothing to be done for 'am--depfiles'.
make[1]: Leaving directory '/home/roadrunner/eclipse-workspace/messi_cpu'
config.status:1189: $? = 0

## ---------------------- ##
## Running config.status. ##
## ---------------------- ##

This file was extended by ParIS Parallel index of sequence config.status 1.3, which was
generated by GNU Autoconf 2.69.  Invocation command line was

  CONFIG_FILES    = 
  CONFIG_HEADERS  = 
  CONFIG_LINKS    = 
  CONFIG_COMMANDS = 
  $ ./config.status Makefile depfiles

on rr075

config.status:878: creating Makefile
config.status:1107: executing depfiles commands
config.status:1184: cd .       && sed -e '/# am--include-marker/d' Makefile         | make -f - am--depfiles
make[1]: Entering directory '/home/roadrunner/eclipse-workspace/messi_cpu'
make[1]: Nothing to be done for 'am--depfiles'.
make[1]: Leaving directory '/home/roadrunner/eclipse-workspace/messi_cpu'
config.status:1189: $? = 0

## ---------------------- ##
## Running config.status. ##
## ---------------------- ##

This file was extended by ParIS Parallel index of sequence config.status 1.3, which was
generated by GNU Autoconf 2.69.  Invocation command line was

  CONFIG_FILES    = 
  CONFIG_HEADERS  = 
  CONFIG_LINKS    = 
  CONFIG_COMMANDS = 
  $ ./config.status Makefile depfiles

on rr075

config.status:878: creating Makefile
config.status:1107: executing depfiles commands
config.status:1184: cd .       && sed -e '/# am--include-marker/d' Makefile         | make -f - am--depfiles
make[1]: Entering directory '/home/roadrunner/eclipse-workspace/messi_cpu'
make[1]: Nothing to be done for 'am--depfiles'.
make[1]: Leaving directory '/home/roadrunner/eclipse-workspace/messi_cpu'
config.status:1189: $? = 0

## ---------------------- ##
## Running config.status. ##
## ---------------------- ##

This file was extended by ParIS Parallel index of sequence config.status 1.3, which was
generated by GNU Autoconf 2.69.  Invocation command line was

  CONFIG_FILES    = 
  CONFIG_HEADERS  = 
  CONFIG_LINKS    = 
  CONFIG_COMMANDS = 
  $ ./config.status Makefile depfiles

on rr075

config.status:878: creating Makefile
config.status:1107: executing depfiles commands
config.status:1184: cd .       && sed -e '/# am--include-marker/d' Makefile         | make -f - am--depfiles
make[1]: Entering directory '/home/roadrunner/eclipse-workspace/messi_cpu'
make[1]: Nothing to be done for 'am--depfiles'.
make[1]: Leaving directory '/home/roadrunner/eclipse-workspace/messi_cpu'
config.status:1189: $? = 0

## ---------------------- ##
## Running config.status. ##
## ---------------------- ##

This file was extended by ParIS Parallel index of sequence config.status 1.3, which was
generated by GNU Autoconf 2.69.  Invocation command line was

  CONFIG_FILES    = 
  CONFIG_HEADERS  = 
  CONFIG_LINKS    = 
  CONFIG_COMMANDS = 
  $ ./config.status Makefile depfiles

on rr075

config.status:878: creating Makefile
config.status:1107: executing depfiles commands
config.status:1184: cd .       && sed -e '/# am--include-marker/d' Makefile         | make -f - am--depfiles
make[1]: Entering directory '/home/roadrunner/eclipse-workspace/messi_cpu'
make[1]: Nothing to be done for 'am--depfiles'.
make[1]: Leaving directory '/home/roadrunner/eclipse-workspace/messi_cpu'
config.status:1189: $? = 0

## ---------------------- ##
## Running config.status. ##
## ---------------------- ##

This file was extended by ParIS Parallel index of sequence config.status 1.3, which was
generated by GNU Autoconf 2.69.  Invocation command line was

  CONFIG_FILES    = 
  CONFIG_HEADERS  = 
  CONFIG_LINKS    = 
  CONFIG_COMMANDS = 
  $ ./config.status Makefile depfiles

on rr075

config.status:878: creating Makefile
config.status:1107: executing depfiles commands
config.status:1184: cd .       && sed -e '/# am--include-marker/d' Makefile         | make -f - am--depfiles
make[1]: Entering directory '/home/roadrunner/eclipse-workspace/messi_cpu'
make[1]: Nothing to be done for 'am--depfiles'.
make[1]: Leaving directory '/home/roadrunner/eclipse-workspace/messi_cpu'
config.status:1189: $? = 0

## ---------------------- ##
## Running config.status. ##
## ---------------------- ##

This file was extended by ParIS Parallel index of sequence config.status 1.3, which was
generated by GNU Autoconf 2.69.  Invocation command line was

  CONFIG_FILES    = 
  CONFIG_HEADERS  = 
  CONFIG_LINKS    = 
  CONFIG_COMMANDS = 
  $ ./config.status Makefile depfiles

on rr075

config.status:878: creating Makefile
config.status:1107: executing depfiles commands
config.status:1184: cd .       && sed -e '/# am--include-marker/d' Makefile         | make -f - am--depfiles
make[1]: Entering directory '/home/roadrunner/eclipse-workspace/messi_cpu'
make[1]: Nothing to be done for 'am--depfiles'.
make[1]: Leaving directory '/home/roadrunner/eclipse-workspace/messi_cpu'
config.status:1189: $? = 0

## ---------------------- ##
## Running config.status. ##
## ---------------------- ##

This file was extended by ParIS Parallel index of sequence config.status 1.3, which was
generated by GNU Autoconf 2.69.  Invocation command line was

  CONFIG_FILES    = 
  CONFIG_HEADERS  = 
  CONFIG_LINKS    = 
  CONFIG_COMMANDS = 
  $ ./config.status Makefile depfiles

on rr075

config.status:878: creating Makefile
config.status:1107: executing depfiles commands
config.status:1184: cd .       && sed -e '/# am--include-marker/d' Makefile         | make -f - am--depfiles
make[1]: Entering directory '/home/roadrunner/eclipse-workspace/messi_cpu'
make[1]: Nothing to be done for 'am--depfiles'.
make[1]: Leaving directory '/home/roadrunner/eclipse-workspace/messi_cpu'
config.status:1189: $? = 0

## ---------------------- ##
## Running config.status. ##
## ---------------------- ##

This file was extended by ParIS Parallel index of sequence config.status 1.3, which was
generated by GNU Autoconf 2.69.  Invocation command line was

  CONFIG_FILES    = 
  CONFIG_HEADERS  = 
  CONFIG_LINKS    = 
  CONFIG_COMMANDS = 
  $ ./config.status Makefile depfiles

on rr075

config.status:878: creating Makefile
config.status:1107: executing depfiles commands
config.status:1184: cd .       && sed -e '/# am--include-marker/d' Makefile         | make -f - am--depfiles
make[1]: Entering directory '/home/roadrunner/eclipse-workspace/messi_cpu'
make[1]: Nothing to be done for 'am--depfiles'.
make[1]: Leaving directory '/home/roadrunner/eclipse-workspace/messi_cpu'
config.status:1189: $? = 0

## ---------------------- ##
## Running config.status. ##
## ---------------------- ##

This file was extended by ParIS Parallel index of sequence config.status 1.3, which was
generated by GNU Autoconf 2.69.  Invocation command line was

  CONFIG_FILES    = 
  CONFIG_HEADERS  = 
  CONFIG_LINKS    = 
  CONFIG_COMMANDS = 
  $ ./config.status Makefile depfiles

on rr075

config.status:878: creating Makefile
config.status:1107: executing depfiles commands
config.status:1184: cd .       && sed -e '/# am--include-marker/d' Makefile         | make -f - am--depfiles
make[1]: Entering directory '/home/roadrunner/eclipse-workspace/messi_cpu'
make[1]: Nothing to be done for 'am--depfiles'.
make[1]: Leaving directory '/home/roadrunner/eclipse-workspace/messi_cpu'
config.status:1189: $? = 0

## ---------------------- ##
## Running config.status. ##
## ---------------------- ##

This file was extended by ParIS Parallel index of sequence config.status 1.3, which was
generated by GNU Autoconf 2.69.  Invocation command line was

  CONFIG_FILES    = 
  CONFIG_HEADERS  = 
  CONFIG_LINKS    = 
  CONFIG_COMMANDS = 
  $ ./config.status Makefile depfiles

on rr075

config.status:878: creating Makefile
config.status:1107: executing depfiles commands
config.status:1184: cd .       && sed -e '/# am--include-marker/d' Makefile         | make -f - am--depfiles
make[1]: Entering directory '/home/roadrunner/eclipse-workspace/messi_cpu'
make[1]: Nothing to be done for 'am--depfiles'.
make[1]: Leaving directory '/home/roadrunner/eclipse-workspace/messi_cpu'
config.status:1189: $? = 0

## ---------------------- ##
## Running config.status. ##
## ---------------------- ##

This file was extended by ParIS Parallel index of sequence config.status 1.3, which was
generated by GNU Autoconf 2.69.  Invocation command line was

  CONFIG_FILES    = 
  CONFIG_HEADERS  = 
  CONFIG_LINKS    = 
  CONFIG_COMMANDS = 
  $ ./config.status Makefile depfiles

on rr075

config.status:878: creating Makefile
config.status:1107: executing depfiles commands
config.status:1184: cd .       && sed -e '/# am--include-marker/d' Makefile         | make -f - am--depfiles
make[1]: Entering directory '/home/roadrunner/eclipse-workspace/messi_cpu'
make[1]: Nothing to be done for 'am--depfiles'.
make[1]: Leaving directory '/home/roadrunner/eclipse-workspace/messi_cpu'
config.status:1189: $? = 0

## ---------------------- ##
## Running config.status. ##
## ---------------------- ##

This file was extended by ParIS Parallel index of sequence config.status 1.3, which was
generated by GNU Autoconf 2.69.  Invocation command line was

  CONFIG_FILES    = 
  CONFIG_HEADERS  = 
  CONFIG_LINKS    = 
  CONFIG_COMMANDS = 
  $ ./config.status Makefile depfiles

on rr075

config.status:878: creating Makefile
config.status:1107: executing depfiles commands
config.status:1184: cd .       && sed -e '/# am--include-marker/d' Makefile         | make -f - am--depfiles
make[1]: Entering directory '/home/roadrunner/eclipse-workspace/messi_cpu'
make[1]: Nothing to be done for 'am--depfiles'.
make[1]: Leaving directory '/home/roadrunner/eclipse-workspace/messi_cpu'
config.status:1189: $? = 0

## ---------------------- ##
## Running config.status. ##
## ---------------------- ##

This file was extended by ParIS Parallel index of sequence config.status 1.3, which was
generated by GNU Autoconf 2.69.  Invocation command line was

  CONFIG_FILES    = 
  CONFIG_HEADERS  = 
  CONFIG_LINKS    = 
  CONFIG_COMMANDS = 
  $ ./config.status Makefile depfiles

on rr075

config.status:878: creating Makefile
config.status:1107: executing depfiles commands
config.status:1184: cd .       && sed -e '/# am--include-marker/d' Makefile         | make -f - am--depfiles
make[1]: Entering directory '/home/roadrunner/eclipse-workspace/messi_cpu'
make[1]: Nothing to be done for 'am--depfiles'.
make[1]: Leaving directory '/home/roadrunner/eclipse-workspace/messi_cpu'
config.status:1189: $? = 0

## ---------------------- ##
## Running config.status. ##
## ---------------------- ##

This file was extended by ParIS Parallel index of sequence config.status 1.3, which was
generated by GNU Autoconf 2.69.  Invocation command line was

  CONFIG_FILES    = 
  CONFIG_HEADERS  = 
  CONFIG_LINKS    = 
  CONFIG_COMMANDS = 
  $ ./config.status Makefile depfiles

on rr075

config.status:878: creating Makefile
config.status:1107: executing depfiles commands
config.status:1184: cd .       && sed -e '/# am--include-marker/d' Makefile         | make -f - am--depfiles
make[1]: Entering directory '/home/roadrunner/eclipse-workspace/messi_cpu'
make[1]: Nothing to be done for 'am--depfiles'.
make[1]: Leaving directory '/home/roadrunner/eclipse-workspace/messi_cpu'
config.status:1189: $? = 0
